---
http_interactions:
- request:
    method: get
    uri: http://maps.googleapis.com/maps/api/geocode/json?address=Amsterdam&language=en&sensor=false
    body:
      encoding: US-ASCII
      string: ''
    headers:
      Accept-Encoding:
      - gzip;q=1.0,deflate;q=0.6,identity;q=0.3
      Accept:
      - "*/*"
      User-Agent:
      - Ruby
  response:
    status:
      code: 200
      message: OK
    headers:
      Content-Type:
      - application/json; charset=UTF-8
      Date:
      - Sat, 26 Jul 2014 08:50:32 GMT
      Expires:
      - Sun, 27 Jul 2014 08:50:32 GMT
      Cache-Control:
      - public, max-age=86400
      Access-Control-Allow-Origin:
      - "*"
      Server:
      - mafe
      X-Xss-Protection:
      - 1; mode=block
      X-Frame-Options:
      - SAMEORIGIN
      Alternate-Protocol:
      - 80:quic
      Transfer-Encoding:
      - chunked
    body:
      encoding: UTF-8
      string: |
        {
           "results" : [
              {
                 "address_components" : [
                    {
                       "long_name" : "Amsterdam",
                       "short_name" : "Amsterdam",
                       "types" : [ "locality", "political" ]
                    },
                    {
                       "long_name" : "Government of Amsterdam",
                       "short_name" : "Government of Amsterdam",
                       "types" : [ "administrative_area_level_2", "political" ]
                    },
                    {
                       "long_name" : "North Holland",
                       "short_name" : "NH",
                       "types" : [ "administrative_area_level_1", "political" ]
                    },
                    {
                       "long_name" : "The Netherlands",
                       "short_name" : "NL",
                       "types" : [ "country", "political" ]
                    }
                 ],
                 "formatted_address" : "Amsterdam, The Netherlands",
                 "geometry" : {
                    "bounds" : {
                       "northeast" : {
                          "lat" : 52.4311573,
                          "lng" : 5.0683775
                       },
                       "southwest" : {
                          "lat" : 52.3182742,
                          "lng" : 4.7288558
                       }
                    },
                    "location" : {
                       "lat" : 52.3702157,
                       "lng" : 4.895167900000001
                    },
                    "location_type" : "APPROXIMATE",
                    "viewport" : {
                       "northeast" : {
                          "lat" : 52.4311573,
                          "lng" : 5.0683775
                       },
                       "southwest" : {
                          "lat" : 52.3182742,
                          "lng" : 4.7288558
                       }
                    }
                 },
                 "types" : [ "locality", "political" ]
              },
              {
                 "address_components" : [
                    {
                       "long_name" : "Amsterdam",
                       "short_name" : "Amsterdam",
                       "types" : [ "locality", "political" ]
                    },
                    {
                       "long_name" : "Montgomery County",
                       "short_name" : "Montgomery County",
                       "types" : [ "administrative_area_level_2", "political" ]
                    },
                    {
                       "long_name" : "New York",
                       "short_name" : "NY",
                       "types" : [ "administrative_area_level_1", "political" ]
                    },
                    {
                       "long_name" : "United States",
                       "short_name" : "US",
                       "types" : [ "country", "political" ]
                    }
                 ],
                 "formatted_address" : "Amsterdam, NY, USA",
                 "geometry" : {
                    "bounds" : {
                       "northeast" : {
                          "lat" : 42.9663009,
                          "lng" : -74.1613418
                       },
                       "southwest" : {
                          "lat" : 42.919027,
                          "lng" : -74.22211390000001
                       }
                    },
                    "location" : {
                       "lat" : 42.9377453,
                       "lng" : -74.19035599999999
                    },
                    "location_type" : "APPROXIMATE",
                    "viewport" : {
                       "northeast" : {
                          "lat" : 42.9663009,
                          "lng" : -74.1613418
                       },
                       "southwest" : {
                          "lat" : 42.919027,
                          "lng" : -74.22211390000001
                       }
                    }
                 },
                 "types" : [ "locality", "political" ]
              }
           ],
           "status" : "OK"
        }
    http_version: 
  recorded_at: Sat, 26 Jul 2014 08:50:32 GMT
- request:
    method: get
    uri: http://maps.googleapis.com/maps/api/geocode/json?address=San%20Francisco,%20CA&language=en&sensor=false
    body:
      encoding: US-ASCII
      string: ''
    headers:
      Accept-Encoding:
      - gzip;q=1.0,deflate;q=0.6,identity;q=0.3
      Accept:
      - "*/*"
      User-Agent:
      - Ruby
  response:
    status:
      code: 200
      message: OK
    headers:
      Content-Type:
      - application/json; charset=UTF-8
      Date:
      - Sat, 26 Jul 2014 08:50:33 GMT
      Expires:
      - Sun, 27 Jul 2014 08:50:33 GMT
      Cache-Control:
      - public, max-age=86400
      Access-Control-Allow-Origin:
      - "*"
      Server:
      - mafe
      X-Xss-Protection:
      - 1; mode=block
      X-Frame-Options:
      - SAMEORIGIN
      Alternate-Protocol:
      - 80:quic
      Transfer-Encoding:
      - chunked
    body:
      encoding: UTF-8
      string: |
        {
           "results" : [
              {
                 "address_components" : [
                    {
                       "long_name" : "San Francisco",
                       "short_name" : "SF",
                       "types" : [ "locality", "political" ]
                    },
                    {
                       "long_name" : "San Francisco County",
                       "short_name" : "San Francisco County",
                       "types" : [ "administrative_area_level_2", "political" ]
                    },
                    {
                       "long_name" : "California",
                       "short_name" : "CA",
                       "types" : [ "administrative_area_level_1", "political" ]
                    },
                    {
                       "long_name" : "United States",
                       "short_name" : "US",
                       "types" : [ "country", "political" ]
                    }
                 ],
                 "formatted_address" : "San Francisco, CA, USA",
                 "geometry" : {
                    "bounds" : {
                       "northeast" : {
                          "lat" : 37.9297707,
                          "lng" : -122.3279149
                       },
                       "southwest" : {
                          "lat" : 37.6933354,
                          "lng" : -123.1077733
                       }
                    },
                    "location" : {
                       "lat" : 37.7749295,
                       "lng" : -122.4194155
                    },
                    "location_type" : "APPROXIMATE",
                    "viewport" : {
                       "northeast" : {
                          "lat" : 37.812,
                          "lng" : -122.3482
                       },
                       "southwest" : {
                          "lat" : 37.70339999999999,
                          "lng" : -122.527
                       }
                    }
                 },
                 "types" : [ "locality", "political" ]
              }
           ],
           "status" : "OK"
        }
    http_version: 
  recorded_at: Sat, 26 Jul 2014 08:50:33 GMT
- request:
    method: post
    uri: https://api.stripe.com/v1/plans
    body:
      encoding: US-ASCII
      string: amount=0&interval=month&name=Basic&currency=usd&id=pqjjcw
    headers:
      Accept:
      - "*/*; q=0.5, application/xml"
      Accept-Encoding:
      - gzip, deflate
      User-Agent:
      - Stripe/v1 RubyBindings/1.14.0
      Authorization:
      - Bearer <STRIPE_SECRET_KEY>
      Content-Type:
      - application/x-www-form-urlencoded
      X-Stripe-Client-User-Agent:
      - '{"bindings_version":"1.14.0","lang":"ruby","lang_version":"2.1.2 p95 (2014-05-08)","platform":"x86_64-linux","publisher":"stripe","uname":"Linux
        chapter-alamo 3.13.0-32-generic #57-Ubuntu SMP Tue Jul 15 03:51:08 UTC 2014
        x86_64 x86_64 x86_64 GNU/Linux"}'
      Content-Length:
      - '57'
  response:
    status:
      code: 200
      message: OK
    headers:
      Server:
      - nginx
      Date:
      - Sat, 26 Jul 2014 08:50:43 GMT
      Content-Type:
      - application/json;charset=utf-8
      Content-Length:
      - '268'
      Access-Control-Allow-Credentials:
      - 'true'
      Access-Control-Allow-Methods:
      - GET, POST, HEAD, OPTIONS, DELETE
      Cache-Control:
      - no-cache, no-store
      Access-Control-Max-Age:
      - '300'
      Stripe-Version:
      - '2014-07-22'
      Strict-Transport-Security:
      - max-age=31556926; includeSubDomains
    body:
      encoding: UTF-8
      string: |
        {
          "interval": "month",
          "name": "Basic",
          "created": 1406364643,
          "amount": 0,
          "currency": "usd",
          "id": "pqjjcw",
          "object": "plan",
          "livemode": false,
          "interval_count": 1,
          "trial_period_days": null,
          "metadata": {},
          "statement_description": null
        }
    http_version: 
  recorded_at: Sat, 26 Jul 2014 08:50:44 GMT
- request:
    method: post
    uri: https://api.stripe.com/v1/plans
    body:
      encoding: US-ASCII
      string: amount=9900&interval=month&name=Monthly&currency=usd&id=qb0ztq
    headers:
      Accept:
      - "*/*; q=0.5, application/xml"
      Accept-Encoding:
      - gzip, deflate
      User-Agent:
      - Stripe/v1 RubyBindings/1.14.0
      Authorization:
      - Bearer <STRIPE_SECRET_KEY>
      Content-Type:
      - application/x-www-form-urlencoded
      X-Stripe-Client-User-Agent:
      - '{"bindings_version":"1.14.0","lang":"ruby","lang_version":"2.1.2 p95 (2014-05-08)","platform":"x86_64-linux","publisher":"stripe","uname":"Linux
        chapter-alamo 3.13.0-32-generic #57-Ubuntu SMP Tue Jul 15 03:51:08 UTC 2014
        x86_64 x86_64 x86_64 GNU/Linux"}'
      Content-Length:
      - '62'
  response:
    status:
      code: 200
      message: OK
    headers:
      Server:
      - nginx
      Date:
      - Sat, 26 Jul 2014 08:50:44 GMT
      Content-Type:
      - application/json;charset=utf-8
      Content-Length:
      - '273'
      Cache-Control:
      - no-cache, no-store
      Access-Control-Allow-Methods:
      - GET, POST, HEAD, OPTIONS, DELETE
      Stripe-Version:
      - '2014-07-22'
      Access-Control-Max-Age:
      - '300'
      Access-Control-Allow-Credentials:
      - 'true'
      Strict-Transport-Security:
      - max-age=31556926; includeSubDomains
    body:
      encoding: UTF-8
      string: |
        {
          "interval": "month",
          "name": "Monthly",
          "created": 1406364644,
          "amount": 9900,
          "currency": "usd",
          "id": "qb0ztq",
          "object": "plan",
          "livemode": false,
          "interval_count": 1,
          "trial_period_days": null,
          "metadata": {},
          "statement_description": null
        }
    http_version: 
  recorded_at: Sat, 26 Jul 2014 08:50:44 GMT
- request:
    method: post
    uri: https://api.stripe.com/v1/plans
    body:
      encoding: US-ASCII
      string: amount=19900&interval=month&name=Analytics&currency=usd&id=vjvxja
    headers:
      Accept:
      - "*/*; q=0.5, application/xml"
      Accept-Encoding:
      - gzip, deflate
      User-Agent:
      - Stripe/v1 RubyBindings/1.14.0
      Authorization:
      - Bearer <STRIPE_SECRET_KEY>
      Content-Type:
      - application/x-www-form-urlencoded
      X-Stripe-Client-User-Agent:
      - '{"bindings_version":"1.14.0","lang":"ruby","lang_version":"2.1.2 p95 (2014-05-08)","platform":"x86_64-linux","publisher":"stripe","uname":"Linux
        chapter-alamo 3.13.0-32-generic #57-Ubuntu SMP Tue Jul 15 03:51:08 UTC 2014
        x86_64 x86_64 x86_64 GNU/Linux"}'
      Content-Length:
      - '65'
  response:
    status:
      code: 200
      message: OK
    headers:
      Server:
      - nginx
      Date:
      - Sat, 26 Jul 2014 08:50:44 GMT
      Content-Type:
      - application/json;charset=utf-8
      Content-Length:
      - '276'
      Access-Control-Max-Age:
      - '300'
      Access-Control-Allow-Credentials:
      - 'true'
      Cache-Control:
      - no-cache, no-store
      Access-Control-Allow-Methods:
      - GET, POST, HEAD, OPTIONS, DELETE
      Stripe-Version:
      - '2014-07-22'
      Strict-Transport-Security:
      - max-age=31556926; includeSubDomains
    body:
      encoding: UTF-8
      string: |
        {
          "interval": "month",
          "name": "Analytics",
          "created": 1406364644,
          "amount": 19900,
          "currency": "usd",
          "id": "vjvxja",
          "object": "plan",
          "livemode": false,
          "interval_count": 1,
          "trial_period_days": null,
          "metadata": {},
          "statement_description": null
        }
    http_version: 
  recorded_at: Sat, 26 Jul 2014 08:50:44 GMT
recorded_with: VCR 2.9.2
